// Jest Snapshot v1, https://goo.gl/fbAQLP

exports[`<Snapshots /> should render spinner 1`] = `
<div>
  <h1>
    Snapshots
  </h1>
  <p>
    This is an addition to Schnapps command-line utility which can provide more 
    <a
      href="https://docs.turris.cz/geek/schnapps/schnapps/#what-you-can-do-with-schnapps"
      rel="noopener noreferrer"
      target="_blank"
    >
      advanced options
      <sup>
        <i
          class="fa"
        />
      </sup>
    </a>
    .
  </p>
  <div
    class="spinner-wrapper my-3 text-center"
  >
    <div
      class="spinner-border"
      role="status"
    >
      <span
        class="sr-only"
      />
    </div>
  </div>
</div>
`;

exports[`<Snapshots /> should render table 1`] = `
<div>
  <h1>
    Snapshots
  </h1>
  <p>
    This is an addition to Schnapps command-line utility which can provide more 
    <a
      href="https://docs.turris.cz/geek/schnapps/schnapps/#what-you-can-do-with-schnapps"
      rel="noopener noreferrer"
      target="_blank"
    >
      advanced options
      <sup>
        <i
          class="fa"
        />
      </sup>
    </a>
    .
  </p>
  <div
    class="card p-4 col-sm-12 col-lg-12 p-0 mb-4"
  >
    <form
      class="mb-3 mb-md-0"
    >
      <h2>
        Create Snapshot
      </h2>
      <div
        class="mb-3"
      >
        <label
          class="form-label"
          for="1"
        >
          Description
        </label>
        <div
          class="input-group"
        >
          <input
            class="form-control"
            id="1"
            maxlength="50"
            type="text"
            value=""
          />
        </div>
        
      </div>
      <div
        class="text-end"
      >
        <button
          class="btn btn-primary col-12 col-md-3 col-lg-2 d-inline-flex justify-content-center align-items-center"
          data-testid="create-snapshot"
          disabled=""
          type="submit"
        >
          <span>
            Create
          </span>
        </button>
      </div>
    </form>
  </div>
  <div
    class="card p-4 col-sm-12 col-lg-12 p-0 mb-4"
  >
    <h2>
      Available Snapshots
    </h2>
    <div>
      <div
        class="d-flex justify-content-between align-items-center"
      >
        <div
          class="mb-3"
        >
          <div
            class="input-group"
          >
            <input
              class="form-control me-3"
              id="2"
              placeholder="Searchâ€¦"
              type="text"
              value=""
            />
          </div>
        </div>
        <div
          class="dropdown mb-3"
        >
          <button
            class="btn btn btn-outline-secondary dropdown-toggle d-inline-flex justify-content-center align-items-center"
            data-bs-toggle="dropdown"
            type="button"
          >
            <span>
              Columns
            </span>
          </button>
          <ul
            class="dropdown-menu dropdown-menu-end"
          >
            <li>
              <button
                class="dropdown-item d-flex align-items-center"
                style="padding-left: 2rem;"
                type="button"
              >
                <i
                  class="fa"
                />
                <span>
                  #
                </span>
              </button>
            </li>
            <li>
              <button
                class="dropdown-item d-flex align-items-center"
                style="padding-left: 2rem;"
                type="button"
              >
                <i
                  class="fa"
                />
                <span>
                  Description
                </span>
              </button>
            </li>
            <li>
              <button
                class="dropdown-item d-flex align-items-center"
                style="padding-left: 2rem;"
                type="button"
              >
                <i
                  class="fa"
                />
                <span>
                  Created at
                </span>
              </button>
            </li>
            <li>
              <button
                class="dropdown-item d-flex align-items-center"
                style="padding-left: 2rem;"
                type="button"
              >
                <i
                  class="fa"
                />
                <span>
                  Size
                </span>
              </button>
            </li>
            <li>
              <button
                class="dropdown-item d-flex align-items-center"
                style="padding-left: 2rem;"
                type="button"
              >
                <i
                  class="fa"
                />
                <span>
                  Actions
                </span>
              </button>
            </li>
          </ul>
        </div>
      </div>
      <div
        class="table-responsive"
      >
        <table
          class="table table-hover text-nowrap"
        >
          <thead
            class="table-light"
          >
            <tr
              role="row"
            >
              <th
                colspan="1"
              >
                <button
                  class="btn btn-link text-decoration-none text-reset fw-bold p-0 d-flex align-items-center
                                                    d-flex align-items-center
                                                "
                  title="Sort descending"
                  type="button"
                >
                  #
                </button>
              </th>
              <th
                colspan="1"
              >
                <button
                  class="btn btn-link text-decoration-none text-reset fw-bold p-0 d-flex align-items-center
                                                    d-flex align-items-center
                                                "
                  title="Sort ascending"
                  type="button"
                >
                  Description
                </button>
              </th>
              <th
                colspan="1"
              >
                <button
                  class="btn btn-link text-decoration-none text-reset fw-bold p-0 d-flex align-items-center
                                                    d-flex align-items-center
                                                "
                  title="Sort ascending"
                  type="button"
                >
                  Created at
                </button>
              </th>
              <th
                colspan="1"
              >
                <button
                  class="btn btn-link text-decoration-none text-reset fw-bold p-0 d-flex align-items-center
                                                    d-flex align-items-center
                                                "
                  title="Sort ascending"
                  type="button"
                >
                  Size
                </button>
              </th>
              <th
                colspan="1"
              >
                <div
                  aria-hidden="true"
                  class="d-none"
                >
                  Actions
                </div>
              </th>
            </tr>
          </thead>
          <tbody>
            <tr
              class="align-middle"
            >
              <td>
                2
              </td>
              <td>
                Something
              </td>
              <td>
                1/31/2020 10:27 AM
              </td>
              <td>
                909 kB
              </td>
              <td
                class="text-end"
              >
                <div
                  class="dropdown position-static"
                  data-testid="three-dots-menu"
                >
                  <button
                    aria-expanded="false"
                    class="btn btn-sm btn-link text-body d-inline-flex justify-content-center align-items-center"
                    data-bs-toggle="dropdown"
                    type="button"
                  >
                    <span>
                      <i
                        class="fa"
                      />
                    </span>
                  </button>
                  <ul
                    class="dropdown-menu"
                  >
                    <li>
                      <button
                        class="dropdown-item"
                        data-testid="three-dots-menu-download"
                        type="button"
                      >
                        <i
                          class="fa"
                        />
                        Download
                      </button>
                    </li>
                    <li>
                      <button
                        class="dropdown-item"
                        data-testid="three-dots-menu-rollback"
                        type="button"
                      >
                        <i
                          class="fa"
                        />
                        Rollback
                      </button>
                    </li>
                    <li>
                      <button
                        class="dropdown-item"
                        data-testid="three-dots-menu-delete"
                        type="button"
                      >
                        <i
                          class="fa"
                        />
                        Delete
                      </button>
                    </li>
                  </ul>
                </div>
              </td>
            </tr>
            <tr
              class="align-middle"
            >
              <td>
                1
              </td>
              <td>
                Whatever
              </td>
              <td>
                1/30/2020 10:27 AM
              </td>
              <td>
                808 kB
              </td>
              <td
                class="text-end"
              >
                <div
                  class="dropdown position-static"
                  data-testid="three-dots-menu"
                >
                  <button
                    aria-expanded="false"
                    class="btn btn-sm btn-link text-body d-inline-flex justify-content-center align-items-center"
                    data-bs-toggle="dropdown"
                    type="button"
                  >
                    <span>
                      <i
                        class="fa"
                      />
                    </span>
                  </button>
                  <ul
                    class="dropdown-menu"
                  >
                    <li>
                      <button
                        class="dropdown-item"
                        data-testid="three-dots-menu-download"
                        type="button"
                      >
                        <i
                          class="fa"
                        />
                        Download
                      </button>
                    </li>
                    <li>
                      <button
                        class="dropdown-item"
                        data-testid="three-dots-menu-rollback"
                        type="button"
                      >
                        <i
                          class="fa"
                        />
                        Rollback
                      </button>
                    </li>
                    <li>
                      <button
                        class="dropdown-item"
                        data-testid="three-dots-menu-delete"
                        type="button"
                      >
                        <i
                          class="fa"
                        />
                        Delete
                      </button>
                    </li>
                  </ul>
                </div>
              </td>
            </tr>
          </tbody>
        </table>
      </div>
    </div>
  </div>
</div>
`;
